Microchip MPLAB XC8 Compiler V1.43 ()

Linker command line:

-W-3 --edf=C:\Program Files (x86)\Microchip\xc8\v1.43\dat\en_msgs.txt -cs \
  -h+dist/default/debug\G_Counter.X.debug.sym \
  --cmf=dist/default/debug\G_Counter.X.debug.cmf -z -w9 --disl=596:off \
  -Q18F26K22 -oC:\Users\cahei\AppData\Local\Temp\s314.2 \
  -Mdist/default/debug/G_Counter.X.debug.map -E1 -ver=XC8 -ACODE=00h-0FFFFh \
  -ACONST=00h-0FFFFh -ASMALLCONST=01000h-010FFhx240 \
  -AMEDIUMCONST=01000h-0FFFFh -ACOMRAM=01h-05Fh -AABS1=00h-0F37h \
  -ABIGRAM=01h-0F37h -ARAM=060h-0FFh,0100h-01FFhx14,0F00h-0F37h \
  -ABANK0=060h-0FFh -ABANK1=0100h-01FFh -ABANK2=0200h-02FFh \
  -ABANK3=0300h-03FFh -ABANK4=0400h-04FFh -ABANK5=0500h-05FFh \
  -ABANK6=0600h-06FFh -ABANK7=0700h-07FFh -ABANK8=0800h-08FFh \
  -ABANK9=0900h-09FFh -ABANK10=0A00h-0AFFh -ABANK11=0B00h-0BFFh \
  -ABANK12=0C00h-0CFFh -ABANK13=0D00h-0DFFh -ABANK14=0E00h-0EFFh \
  -ABANK15=0F00h-0F37h -ASFR=0F38h-0F5Fh,0F60h-0FFCh \
  -preset_vec=00h,intcode,intcodelo,powerup,init -pramtop=01000h \
  -psmallconst=SMALLCONST -pmediumconst=MEDIUMCONST -pconst=CONST \
  -AFARRAM=00h-00h -ACONFIG=0300000h-030000Dh -pconfig=CONFIG \
  -AIDLOC=0200000h-0200007h -pidloc=IDLOC -AEEDATA=0F00000h-0F003FFh \
  -peeprom_data=EEDATA \
  -prdata=COMRAM,nvrram=COMRAM,nvbit=COMRAM,rbss=COMRAM,rbit=COMRAM \
  -pfarbss=FARRAM,fardata=FARRAM,nvFARRAM=FARRAM \
  -pintsave_regs=BIGRAM,bigbss=BIGRAM,bigdata=BIGRAM -pbss=RAM \
  -pidata=CODE,irdata=CODE,ibigdata=CODE,ifardata=CODE \
  C:\Users\cahei\AppData\Local\Temp\s314.obj \
  dist/default/debug\G_Counter.X.debug.obj 

Object code version is 3.11

Machine type is 18F26K22

Call graph: (short form)




                Name                               Link     Load   Length Selector   Space Scale
C:\Users\cahei\AppData\Local\Temp\s314.obj
                init                                 A2       A2        4        0       0
                reset_vec                             0        0        2        0       0
dist/default/debug\G_Counter.X.debug.obj
                intcode                               2        2       A0        0       0
                temp                                 45       45        1        1       1
                text9                              FD2C     FD2C       2C     7E96       0
                text8                              FD0E     FD0E       1E     7E87       0
                text7                              FCF2     FCF2        E     7E79       0
                text6                              FE68     FE68       5C     7F34       0
                text5                              FDCE     FDCE       48     7EE7       0
                text4                              FD58     FD58       34     7EAC       0
                text3                              FE16     FE16       52     7F0B       0
                text2                              FD8C     FD8C       42     7EC6       0
                text1                              FF5C     FF5C       A4     7FAE       0
                text0                              FEC4     FEC4       98     7F62       0
                cstackCOMRAM                          1        1       42        1       1
                bssCOMRAM                            43       43        2        1       1
                cinit                              FD00     FD00        E     7E80       0

TOTAL           Name                               Link     Load   Length     Space
        CLASS   CODE           
                intcode                               2        2       A0         0
                init                                 A2       A2        4         0
                reset_vec                             0        0        2         0
                text9                              FD2C     FD2C       2C         0
                text8                              FD0E     FD0E       1E         0
                text7                              FCF2     FCF2        E         0
                text6                              FE68     FE68       5C         0
                text5                              FDCE     FDCE       48         0
                text4                              FD58     FD58       34         0
                text3                              FE16     FE16       52         0
                text2                              FD8C     FD8C       42         0
                text1                              FF5C     FF5C       A4         0
                text0                              FEC4     FEC4       98         0
                cinit                              FD00     FD00        E         0

        CLASS   CONST          

        CLASS   SMALLCONST     

        CLASS   MEDIUMCONST    

        CLASS   COMRAM         
                temp                                 45       45        1         1
                cstackCOMRAM                          1        1       42         1
                bssCOMRAM                            43       43        2         1

        CLASS   ABS1           

        CLASS   BIGRAM         

        CLASS   RAM            

        CLASS   BANK0          

        CLASS   BANK1          

        CLASS   BANK2          

        CLASS   BANK3          

        CLASS   BANK4          

        CLASS   BANK5          

        CLASS   BANK6          

        CLASS   BANK7          

        CLASS   BANK8          

        CLASS   BANK9          

        CLASS   BANK10         

        CLASS   BANK11         

        CLASS   BANK12         

        CLASS   BANK13         

        CLASS   BANK14         

        CLASS   BANK15         

        CLASS   SFR            

        CLASS   FARRAM         

        CLASS   CONFIG         

        CLASS   IDLOC          

        CLASS   EEDATA         

        CLASS   STACK          



SEGMENTS        Name                           Load    Length   Top    Selector   Space  Class

                reset_vec                      000000  0000A6  0000A6         0       0  CODE    
                cstackCOMRAM                   000001  000045  000046         1       1  COMRAM  
                text7                          00FCF2  00000E  00FD00      7E79       0  CODE    
                cinit                          00FD00  00000E  00FD0E      7E80       0  CODE    
                text8                          00FD0E  00001E  00FD2C      7E87       0  CODE    
                text9                          00FD2C  00002C  00FD58      7E96       0  CODE    
                text4                          00FD58  000034  00FD8C      7EAC       0  CODE    
                text2                          00FD8C  000042  00FDCE      7EC6       0  CODE    
                text5                          00FDCE  000048  00FE16      7EE7       0  CODE    
                text3                          00FE16  000052  00FE68      7F0B       0  CODE    
                text6                          00FE68  00005C  00FEC4      7F34       0  CODE    
                text0                          00FEC4  000098  00FF5C      7F62       0  CODE    
                text1                          00FF5C  0000A4  010000      7FAE       0  CODE    


UNUSED ADDRESS RANGES

        Name                Unused          Largest block    Delta
        BANK0            00060-000FF              A0
        BANK1            00100-001FF             100
        BANK10           00A00-00AFF             100
        BANK11           00B00-00BFF             100
        BANK12           00C00-00CFF             100
        BANK13           00D00-00DFF             100
        BANK14           00E00-00EFF             100
        BANK15           00F00-00F37              38
        BANK2            00200-002FF             100
        BANK3            00300-003FF             100
        BANK4            00400-004FF             100
        BANK5            00500-005FF             100
        BANK6            00600-006FF             100
        BANK7            00700-007FF             100
        BANK8            00800-008FF             100
        BANK9            00900-009FF             100
        BIGRAM           00046-00F37             EF2
        CODE             000A6-0FCF1            FC4C
        COMRAM           00046-0005F              1A
        CONFIG           300000-30000D               E
        CONST            000A6-0FCF1            FC4C
        EEDATA           F00000-F003FF             400
        IDLOC            200000-200007               8
        MEDIUMCONST      01000-0FCF1            ECF2
        RAM              00060-00F37             100
        SFR              00F38-00FFC              28
        SMALLCONST       01000-0FCF1             100

                                  Symbol Table

?_Set_Cursor               cstackCOMRAM 00001
?___lwdiv                  cstackCOMRAM 00013
?___lwmod                  cstackCOMRAM 00013
Lcd_Cmd@a                  cstackCOMRAM 00014
Lcd_Port@a                 cstackCOMRAM 00013
Lcd_Write_Char@a           cstackCOMRAM 00017
Lcd_Write_Char@temp        cstackCOMRAM 00015
Lcd_Write_Char@y           cstackCOMRAM 00016
Lcd_Write_String@a         cstackCOMRAM 00018
Lcd_Write_String@i         cstackCOMRAM 0001A
_ANSELA                    (abs)        00F38
_ANSELB                    (abs)        00F39
_ANSELC                    (abs)        00F3A
_INTCONbits                (abs)        00FF2
_Lcd_Clear                 text7        0FCF2
_Lcd_Cmd                   text8        0FD0E
_Lcd_Init                  text6        0FE68
_Lcd_Port                  text9        0FD2C
_Lcd_Write_Char            text5        0FDCE
_Lcd_Write_String          text4        0FD58
_OSCCON                    (abs)        00FD3
_PORTBbits                 (abs)        00F81
_PORTCbits                 (abs)        00F82
_Set_Cursor                                  
_T0CON                     (abs)        00FD5
_T0CONbits                 (abs)        00FD5
_TMR0L                     (abs)        00FD6
_TRISAbits                 (abs)        00F92
_TRISB                     (abs)        00F93
_TRISC                     (abs)        00F94
_Timer0_ISR                intcode      00002
__CFG_FOSC$INTIO67         (abs)        00000
__CFG_LVP$OFF              (abs)        00000
__CFG_PWRTEN$ON            (abs)        00000
__CFG_WDTEN$OFF            (abs)        00000
__HRAM                     (abs)        00000
__Habs1                    abs1         00000
__Hbank0                   bank0        00000
__Hbank1                   bank1        00000
__Hbank10                  bank10       00000
__Hbank11                  bank11       00000
__Hbank12                  bank12       00000
__Hbank13                  bank13       00000
__Hbank14                  bank14       00000
__Hbank15                  bank15       00000
__Hbank2                   bank2        00000
__Hbank3                   bank3        00000
__Hbank4                   bank4        00000
__Hbank5                   bank5        00000
__Hbank6                   bank6        00000
__Hbank7                   bank7        00000
__Hbank8                   bank8        00000
__Hbank9                   bank9        00000
__Hbigbss                  bigbss       00000
__Hbigdata                 bigdata      00000
__Hbigram                  bigram       00000
__Hbss                     bss          00000
__HbssCOMRAM               bssCOMRAM    00000
__Hcinit                   cinit        00000
__Hclrtext                 clrtext      00000
__Hcomram                  comram       00000
__Hconfig                  config       00000
__Hconst                   const        00000
__HcstackCOMRAM            cstackCOMRAM 00000
__Hdata                    data         00000
__Heeprom_data             eeprom_data  00000
__Hfarbss                  farbss       00000
__Hfardata                 fardata      00000
__Hibigdata                ibigdata     00000
__Hidata                   idata        00000
__Hidloc                   idloc        00000
__Hifardata                ifardata     00000
__Hinit                    init         000A6
__Hintcode                 intcode      000A2
__Hintcode_body            intcode_body 00000
__Hintcodelo               intcodelo    000A2
__Hintentry                intentry     00000
__Hintret                  intret       00000
__Hintsave_regs            intsave_regs 00000
__Hirdata                  irdata       00000
__Hmediumconst             mediumconst  00000
__HnvFARRAM                nvFARRAM     00000
__Hnvbit                   nvbit        00000
__Hnvrram                  nvrram       00000
__Hparam                   rparam       00000
__Hpowerup                 powerup      000A2
__Hram                     ram          00000
__Hramtop                  ramtop       01000
__Hrbit                    rbit         00000
__Hrbss                    rbss         00000
__Hrdata                   rdata        00000
__Hreset_vec               reset_vec    00002
__Hrparam                  rparam       00000
__Hsfr                     sfr          00000
__Hsmallconst              smallconst   00000
__Hspace_0                 (abs)        10000
__Hspace_1                 (abs)        00046
__Hspace_2                 (abs)        00000
__Hstack                   stack        00000
__Hstruct                  struct       00000
__Htemp                    temp         00046
__Htext                    text         00000
__Htext0                   text0        00000
__Htext1                   text1        00000
__Htext2                   text2        00000
__Htext3                   text3        00000
__Htext4                   text4        00000
__Htext5                   text5        00000
__Htext6                   text6        00000
__Htext7                   text7        00000
__Htext8                   text8        00000
__Htext9                   text9        00000
__LRAM                     (abs)        00001
__Labs1                    abs1         00000
__Lbank0                   bank0        00000
__Lbank1                   bank1        00000
__Lbank10                  bank10       00000
__Lbank11                  bank11       00000
__Lbank12                  bank12       00000
__Lbank13                  bank13       00000
__Lbank14                  bank14       00000
__Lbank15                  bank15       00000
__Lbank2                   bank2        00000
__Lbank3                   bank3        00000
__Lbank4                   bank4        00000
__Lbank5                   bank5        00000
__Lbank6                   bank6        00000
__Lbank7                   bank7        00000
__Lbank8                   bank8        00000
__Lbank9                   bank9        00000
__Lbigbss                  bigbss       00000
__Lbigdata                 bigdata      00000
__Lbigram                  bigram       00000
__Lbss                     bss          00000
__LbssCOMRAM               bssCOMRAM    00000
__Lcinit                   cinit        00000
__Lclrtext                 clrtext      00000
__Lcomram                  comram       00000
__Lconfig                  config       00000
__Lconst                   const        00000
__LcstackCOMRAM            cstackCOMRAM 00000
__Ldata                    data         00000
__Leeprom_data             eeprom_data  00000
__Lfarbss                  farbss       00000
__Lfardata                 fardata      00000
__Libigdata                ibigdata     00000
__Lidata                   idata        00000
__Lidloc                   idloc        00000
__Lifardata                ifardata     00000
__Linit                    init         000A2
__Lintcode                 intcode      00002
__Lintcode_body            intcode_body 00000
__Lintcodelo               intcodelo    000A2
__Lintentry                intentry     00000
__Lintret                  intret       00000
__Lintsave_regs            intsave_regs 00000
__Lirdata                  irdata       00000
__Lmediumconst             mediumconst  00000
__LnvFARRAM                nvFARRAM     00000
__Lnvbit                   nvbit        00000
__Lnvrram                  nvrram       00000
__Lparam                   rparam       00000
__Lpowerup                 powerup      000A2
__Lram                     ram          00000
__Lramtop                  ramtop       01000
__Lrbit                    rbit         00000
__Lrbss                    rbss         00000
__Lrdata                   rdata        00000
__Lreset_vec               reset_vec    00000
__Lrparam                  rparam       00000
__Lsfr                     sfr          00000
__Lsmallconst              smallconst   00000
__Lspace_0                 (abs)        00000
__Lspace_1                 (abs)        00000
__Lspace_2                 (abs)        00000
__Lstack                   stack        00000
__Lstruct                  struct       00000
__Ltemp                    temp         00045
__Ltext                    text         00000
__Ltext0                   text0        00000
__Ltext1                   text1        00000
__Ltext2                   text2        00000
__Ltext3                   text3        00000
__Ltext4                   text4        00000
__Ltext5                   text5        00000
__Ltext6                   text6        00000
__Ltext7                   text7        00000
__Ltext8                   text8        00000
__Ltext9                   text9        00000
__S0                       (abs)        10000
__S1                       (abs)        00046
___inthi_sp                stack        00000
___intlo_sp                stack        00000
___lwdiv                   text3        0FE16
___lwdiv@counter           cstackCOMRAM 00019
___lwdiv@dividend          cstackCOMRAM 00013
___lwdiv@divisor           cstackCOMRAM 00015
___lwdiv@quotient          cstackCOMRAM 00017
___lwmod                   text2        0FD8C
___lwmod@counter           cstackCOMRAM 00017
___lwmod@dividend          cstackCOMRAM 00013
___lwmod@divisor           cstackCOMRAM 00015
___param_bank              (abs)        00000
___rparam_used             (abs)        00001
___sp                      stack        00000
__accesstop                (abs)        00060
__activetblptr             (abs)        00000
__end_of_Lcd_Clear         text7        0FD00
__end_of_Lcd_Cmd           text8        0FD2C
__end_of_Lcd_Init          text6        0FEC4
__end_of_Lcd_Port          text9        0FD58
__end_of_Lcd_Write_Char    text5        0FE16
__end_of_Lcd_Write_String  text4        0FD8C
__end_of_Timer0_ISR        intcode      000A2
__end_of___lwdiv           text3        0FE68
__end_of___lwmod           text2        0FDCE
__end_of__initialization   cinit        0FD04
__end_of_main              text0        0FF5C
__end_of_utoa              text1        10000
__initialization           cinit        0FD00
__mediumconst              mediumconst  00000
__pbssCOMRAM               bssCOMRAM    00043
__pcinit                   cinit        0FD00
__pcstackCOMRAM            cstackCOMRAM 00001
__pintcode                 intcode      00002
__ptext0                   text0        0FEC4
__ptext1                   text1        0FF5C
__ptext2                   text2        0FD8C
__ptext3                   text3        0FE16
__ptext4                   text4        0FD58
__ptext5                   text5        0FDCE
__ptext6                   text6        0FE68
__ptext7                   text7        0FCF2
__ptext8                   text8        0FD0E
__ptext9                   text9        0FD2C
__ramtop                   ramtop       01000
__size_of_Lcd_Clear        (abs)        00000
__size_of_Lcd_Cmd          (abs)        00000
__size_of_Lcd_Init         (abs)        00000
__size_of_Lcd_Port         (abs)        00000
__size_of_Lcd_Write_Char   (abs)        00000
__size_of_Lcd_Write_String (abs)        00000
__size_of_Timer0_ISR       (abs)        00000
__size_of___lwdiv          (abs)        00000
__size_of___lwmod          (abs)        00000
__size_of_main             (abs)        00000
__size_of_utoa             (abs)        00000
__smallconst               smallconst   00000
_counter                   bssCOMRAM    00043
_main                      text0        0FEC4
_utoa                      text1        0FF5C
btemp                      temp         00045
end_of_initialization      cinit        0FD04
int$flags                  temp         00045
intlevel0                  text         00000
intlevel1                  text         00000
intlevel2                  text         00000
intlevel3                  text         00000
main@array                 cstackCOMRAM 0002A
stackhi                    (abs)        00000
stacklo                    (abs)        00000
start                      init         000A2
start_initialization       cinit        0FD00
utoa@base                  cstackCOMRAM 0001E
utoa@buf                   cstackCOMRAM 0001A
utoa@c                     cstackCOMRAM 00022
utoa@v                     cstackCOMRAM 00020
utoa@val                   cstackCOMRAM 0001C
wtemp6                     temp         00046
